// Jest Snapshot v1, https://goo.gl/fbAQLP

exports[`matchs snapshot 1 1`] = `
<div>
  <div
    className="headerContainer"
    data-testid="headerContainer"
  >
    <h1
      className="header"
      data-testid="header"
    >
      Sign In
    </h1>
  </div>
  <div
    className="inputContainer"
    data-testid="inputContainer"
  >
    <input
      className="input"
      data-testid="input"
      onChange={[Function]}
      placeholder="Username"
      spellCheck="false"
      type="text"
    />
  </div>
  <div
    className="inputContainer"
    data-testid="inputContainer"
  >
    <input
      className="input"
      data-testid="input"
      onChange={[Function]}
      placeholder="Password"
      spellCheck="false"
      type="password"
    />
  </div>
  <br />
  <button
    className="button"
    data-testid="button"
    onClick={[Function]}
    style={
      Object {
        "backgroundColor": "#0071FE",
      }
    }
  >
    Sign Up
  </button>
  <button
    className="button"
    data-testid="button"
    onClick={[Function]}
    style={
      Object {
        "backgroundColor": "#0071FE",
      }
    }
  >
    Sign In
  </button>
  <br />
  <button
    className="button"
    data-testid="button"
    onClick={[Function]}
    style={
      Object {
        "backgroundColor": "#0071FE",
      }
    }
  >
    Google
  </button>
</div>
`;
